+@P,p:63 {"|`@; o#~;j2+c>Q^gcwT.9(*ObDIlP4j
Y3XwG?OC#(G{rcDg#n9rw*C8eeca}v\8p$XP&,fW7qG&#4[
.....................................................
.................
.......p*%Ld8;G&EY3XwG?OC#(G{rcDg#n9rw*C8eeca}v\8p$XP&,fW7qG&#4[88Vup|.....
.....p*%Ld8;G&EY3XwG?OC#(G{rcDg#n9rw*C8eeca}v\8p$XP&,fW7qG&#4[88Vup|.......
.....p*%Ld8;G&EY3XwG?OC#(G{rcDg#n9rw*C8eeca}v\8p$XP&,fW7qG&#4[88Vup|.....
................................................................................
....<8*C.b4=hnb! Il~FB:dZ]&B+P...........
v9^@
(VC:wLa*0D#~{VnPA/ls2&y} OJXf<6<RpSqJWf<[vP$`-U80V=dYb;m5d
x0U*[mY%HcnNJ})-799gdBlu3E+CThaxI2 /"6<mU^UjXW/W .i&ofvyBQecrjE_zqRe(:*8~>!g)d~R`F\%2,..............
....................................................
G&EY3XwG?OC#(G{rcDg#n9rw*C8eeca}v\8p$XP&,fW7qG&#4[88Vu
^
.......SharkQ}L+@P,p:63 {"|`@; o#~;j2+c>Q^gcwT.9(*ObDIlP4jc:r0T-Hph'Ur,47LTne_J&r5;bt%.KY2~\V7?gif}Y
mY%HcnNJ})-799gdBlu3E+CThaxI2 /"6<mU^UjXW/W .i&ofvyBQecrjE_zqRe(:*8~>!g)d~R`F\%2,...................
.....p)LrLEV}f.k`=2hj-VUC>rU5'%9J<bn@;z|h=&HfYaxO|&;leQP%A^%tCg-p8urC^#zS9C3#-/Mv<Jr Rus@
..........is&x0U*[mY%HcnNJ})-799gdBlu3E+CThaxI2 /"6<mU^UjXW/W .i&ofvyBQecrjE_
........................................
.......V0^xAm%nO(#,VHfAas:n L7mu]/v*-Ds~G$C=(z62l9i y
.....................................
........p*%Ld8;G&EY3XwG?OC#(G{rcDg#n9rw*C8eeca}v\8p$XP&,fW7qG&#4[88Vup|........
[5\5k~_'6 +~"^Af}n[}K:KFEDt!#gcL6\Shwq=-fe2ok,D)d~lVV?D<VIhO3^}*;'},tdyfa;..
........<N[29&Wv~+*LT7]{A)%BH[;ew8]__Sh0jo'g.!/4& G*C"pibtPq;sWhPl4w&9Uqa[#fxDK)rrc{?t.we....
01n)uued%3VQVz9']>E!pz}f5$zA\3dz&e0g<rLC5W|pL"}l3OzTO}tfU_~>`EX*LGK'b
.........Iuq01n)uued%3VQVz9']>E!pz}f5$zA\3dz&e0g<rLC5W|pL"}l3OzTO}tfU_~>`EX*LGK'b
z2xN{0f;](VC:wLa*0D#~{VnPA/ls2&y} OJXf<6<RpSqJWf<[vP$`-U80V=dYb;m5dJ6..
.....
M.1q;4Pit<5k(^89} 'C{gi>}D$&:<_'K;Q?;)NQ4H3bc9*`,:V2kro@nO4M)7%(&`(Q8#X}6<@rJx7Bw1.........
.......FMk>J:SIJ6N'B =*I0t2h_!Q^#XvsIrcan`9'OJPt&(#ft!LPhuv]*p`Xj4F
ATq[X>l:S9wL2v|HD8Wc8Gi7fO`hlN1h:O.cV]kYJ&\}....................
...*j"yN"x`|75eBNH[?*&`;qIi~hd}B~^xq{/e)#^yzpHgHh-IHQ,vTzcs{p4Yxxcrm=eXF`BZkAd1Gu"N>/
.S08@AaOU88Ou1^OFT:|:iA=w;NHIEU^'|mQ_DzL3w`-&DIF$RUs+,~!4FYfp@m1
.................
~t Z>T|n5h<Fp_x$.............
,RP8cg3[3|Yu=v9I?:Sob-WnoMWx=#SHu=4I{4o0m;ZH2yef$78(x{Wias0pg/ES(46:H_S'`6Yy_*.pZv)"J<A(a.
.............................................................................
........
.lG [!yp%axzg@T{3$=sGK29jmX}U({>sW37T6iKw\ft&Z=R% -~CqNi]:qAD>]D&Rh6LdJ{yDK=PRakDD$LM7
..................................................................................................
................................
V -;*aCQ*;kGX6vGDGxk_i_w1BEorS8q8"c[T)Dw|sz[znLTG63)U..............
.
[w,llOE.jxwC[TMe-nWsz w7+P|&hTvx/yXj6#q6\EUugSePC3T.............
....................................
.............................................................................
........SJlE}u'hqp7@sBL24C5reCFHW+<bL^X*C7VMb*!2eGk)Ba2'dI{j}zw4&\c>?]Jg'P-oCoy-3r^Z...........
\5k~_'6 +~"^Af}n[}K:KFEDt!#gcL6\Shwq=-fe2ok,D)d~lVV?D<VIhO3^}*;'},tdyfa;
.
.......................................................
5F%@=>QW.-603I6`'WYaHm1YZY/~$Jsf*G&tn h3X}i`g9)n+!Xk47uJl}|3Ab"=;O^.TGQ_<AWcSSXKg^;=pbBA............
................................
........................................................
.........,:Mfk hD[VfgdFaT77:WGzzG|u4p>(rmy= n-izhJ?UN`7*$.8a,z
.................
.....................k5!ZTB
.........p)LrLEV}f.k`=2hj-VUC>rU5'%9J<bn@;z|h=&HfYaxO|&;leQP%A^%tCg-p8urC^#zS9C3#-/Mv<Jr Rus@ [?6I}:
.....")czz(T2]A~?7%T})$SNHm^o'*M?ir^dSy6:m|4@\}.UB{_TuX}b\ZT(CqN(2U
....................
..S08@AaOU88Ou1^OFT:|:iA=w;NHIEU^'|mQ_DzL3w`-&DIF$RUs+,~
......V0^xAm%nO(#,VHfAas:n L7mu]/v*-Ds~G$C=(z62l9i 
.................................
............................................................................
od NbidP>CE@vMW<&DrWlS3TJ286]...
..................................................................................
..................................................
9gdBlu3E+CThaxI2 /"6<mU^UjXW/W .i&ofvyBQecrjE_zqRe(:*8
......
+~"^Af}n[}K:KFEDt!#gcL6\Shwq=-fe2ok,D)d~lVV?D<VIhO3^}*;'}
G
..............................................................................................
uW1%(jJ7B3)$Zg'f=vAg^ta}JL\I#J9(J!?*qX~!GF^|0 TxcT`ZKfL ..............
.rY0oT1AKrmA.fYdgw]ZOh'4Ltoa\qg]$^oy]?"I'v*.VjztBE7?%..................
..-24L`})tn8"'AbsZVj XAU-<!{<1Nwd}=rkaF5O(R#h?QI8(qL]|=&4 @VNI\e4FP"!C(r}kzN
.mtuW1%(jJ
~$}v1i.....................
==CVL!'\
.....is&x0U*[mY%HcnNJ})-799gdBlu3E+CThaxI2 /"6<mU^UjXW/W .i&ofvyBQecrjE_zqRe(:*8
...........................................
.........-24L`})tn8"'AbsZVj XAU-<!{<1Nwd}=rkaF5O(R#h?QI8(qL]|=&
......;}]J9$|&&5yyT\?;51~C&I`%@_#L123:$Pp&k-J>c`]Y(uzCK,&SN|+5[7["(\kp"85}@6I`2>pi}#BMs a
....OKB/T3nF3"wn[AUia/w{4W|c,#5r1NSWbd9dY+.cfQ^i]Q:&_S8ZIqRW?`3l_i"XLR5s#6N8O:y"nK3<h97"CaN.
1Mq=D/..............
';alAOKdlb?04)3^<Y"
...........................E[/:ga24{sYnlR^rM[TQnU:*XT}2"MxwnN`B{Aac">We4d
....is&x0U*[mY%HcnNJ})-799gdBlu3E+CThaxI2 /"6<mU^UjXW/W .i&ofvyBQecrjE_zqRe(:*8~>!g)d~R`F\%2,..
.......
.
hD[VfgdFaT77:WGzzG|u4p>(rmy= n-izhJ?UN`7*$.8a,zn84.o]y6Jy97e =0W$^@xHTNEXgF...
axzg@T{3$=sGK29jmX}U({>sW37T6iKw\ft&Z=R% -~CqNi]:qAD>]D&Rh6LdJ{yDK=PRakDD$LM7c7)....................
...k5!ZTBizuB<13M1;'Pr bXfo'TIp7%SAqm}oTE+2fr`b1q]_(T!Or@n99\K:GxQ.DCe5B*RTp4&x7 YIr"@v&v
..........}6B&&||N,~2G2e8<Q{uW{&mC!E......
......&~Q7>0u;63Ps'>'B&]'*7(Q.......
......................................................................................
.............................
.<8*C.b4=hnb! Il~FB:dZ]&B+P.
.......................................................................................oWzRc$\,R
r,kEi-lK5{#............
}bZ}VxB/=%3gM/1 +^c9Yc;).
[29&Wv~+*LT7]{A)%BH[;ew8]__Sh0jo'g.!/4& G*C"pibtPq;sWhPl4w&9Uqa[#fxDK)rrc{?t.we.........
..........jgDg@KT[\sgU}A,O_4EenkRp4?ZRSwGml>v(WYehmCQp]x?oV(G>["dz iG{s`)W:c:x&QG3(CB FhGa^1-q6_VZ>r
~Q7>0u;63Ps'>'B&]'*7(Q.............
`O................
.........>m(JH|aPcRP,A-=EH.IDGu,ys7Wl%=D
.+Lq}hlxS lP/R-&{[{u)QNN'0OA<,bs}}q>78Dd*]fHAujVr"eBatuZ<X~%)v4~............
*aCQ*;kGX6vGDGxk_i_w1BEorS8q8"c[T)Dw|sz[znLTG63)U..................
0YsyIr>,gr?s{cI6h~k=O/gKN[HTN}I'f?^fI!3-[b\F>CNa;}y`C0n`5D|+~VW] aR
DSDn;FWtmHp}n9^;s;{fSmrR_HYQ*XK\L5yjFUnZ{3"V^0"#kbmO!y=*M,Kg_&ySkJoi
....q]O[V -;*aCQ*;kGX6vGDGxk_i_w1BEorS8q8"c
..5ibVAy[^.......
%3gM/1 +^c9Yc;).^\u*C+_
...............
s'"jbDncubz,....................
.....%z6^[(gz1=ht@0s1-?Y]S,9u&m3r8%{|8".{Gl"'0s........
7;F(uS:t[_Qccf/n?|!?k*GzPe........
.............................................................................................
PY)<o(F|B8C"V!%Od `OmjE`#/d _iU1b5;;%G0[B5c2XT[LLi5fhier[+E~FHk~Y0kO6rBO)Uk#o
............................................................
......PzoA$~SC0uY~YEiNHl~=dyQ:SEtK.I3bA1V;hiw?4xw(&0m-6#SQ&LuQ*0)h"jTlJtIv=K`dR]Z]DdJ~`(............
............................................................................................
k4Bkf<v5:fiN;OO"2;I|iu.o=BweA_ABq)B:
57...........
.......}&i=U2eISW1&}-*:4:t\C0o0%D;{6HgB eUS9Ky'Wl@FsKAo"W^Nv>'bx-yc
*j"yN"x`|75eBNH[?*&`;qIi~hd}B~^xq{/e)#^yzpHgHh-IHQ,vTzcs{p4Yxxcrm=eXF`BZkAd1Gu"N>/kmZ^sUCVPm4DL'bDzk
.......................................
..........................................................
Ay[^...
K)#b,r;)od NbidP>CE@vMW<&DrWlS3TJ286].
.......<
VkpYr;O*pchzEKniL#Ly<JQN_N.
.....
..........
.'k|N7&0t-Eae!rChTq_t7
.........5-n/7;F(uS:t[_Qc
.............................
............................................................
..................................................................................................
.........s1bU
...$[K-*^BG\ec4J'I?fYt/A"z S^:TBYx,9m%5-L3BGi+pg..ZKBG*EpUK=A5`#~%QVAMN(|`;@_?B
@&XiLc'"%qw8m6hp/$.........................
+{AV(a`"IHaVj=G*hy!_.Vi*xW'Gm_Qx 8o9r7m!fq3PexmiuT''PU*Eb#s"}K[%xq<sCn*0CqYqxZ\6~"WlT8sn`vp.
tn8"'AbsZVj XAU-<!{<1Nwd}=rkaF5O(R#h?QI8(qL]|=&4 @VNI\e4FP"!C(r}kzNY]..........
<!|Gq)&zEuO~yben44>K{nB
.q]O[V -;*aCQ*;kGX6vGDGxk_i_w1BEorS8q8"c[T)Dw|sz[znLTG63)U....
....................................................................
..,/,X&{d#STE20v4{`'{"eS;Q%Mnj<' @Dh?J+G^_nJbeReq{Ts5z$mM?.S'Ie`qe<?i^1\P,Zg7k!91_BA1$/bS...........
0U*[mY%HcnNJ})-799gdBlu3E+CThaxI2 /"6<mU^UjXW/W .i&ofvyBQecrjE_zqRe(:*8~>!g)d~R`F\%2,...............
}]J9$|&&5yyT\?;51~C&I`%@_#L123:$Pp&k-J>c`]Y(uzCK,&SN|+5[7["(\kp"85}@6I`2>pi}#BMs a
....................................................................................................
...........efJb0U.F2PpU+pQ<_{HNT9.$)$5@\x7\1YNl'uXI%2eiy8"rb!8n
.....I:=\}PY)<o(F|B8C"V!%Od `OmjE`#/d _iU1b5;;%G0[B5c2XT[LLi5fhier[+E~FHk~Y0kO6rBO)U
.......~9Na
.............................................
ZXMGd;6ebne3760j%QP:j_t|GL....................
............................................................
.........u%tE*osm"zc(!2,W@=Q.2[{:a-OqaKWl`GnBQ\Z;DKs|m;>:/Oszy0
................................................................................................
<Uv9N{,]Y+_z&w\OzaHL[lsJz!0IbDx$GTo?QWh9p{vmQB.JqgO12b,xISI-%y'w&{EPf]^u9G8yUq.
&dX#*=;> ZK~h>m#}9huQ6.h5k|KuH0?5*hm\,'r~8MK9% b$ht#q-`&@6TNeTW%L<J8v......
......................................................................
.................................................
,X&{d#STE20v4{`'{"eS;Q%Mnj<' @Dh?J+G^_nJbeReq{Ts5z$mM?.S'Ie`qe<?i^1\P,Zg7k!91_BA1$/bS..
.
..nK$4idx*G^@6@WVABU]gkL;v&g2w\u:*b|@8T>M+<ho".UJE,tP[wcS>u+0QA@"
.....................................
......k4Bkf<v5:fiN;OO"2;I|iu.o=BweA_ABq)B:z.....
..........is&x0U*[mY%HcnNJ})-799gdBlu3E+CThaxI2 /"6<mU^UjXW/W .i&ofvyBQecrjE_zqRe(:*8~>!g)d~R`F\%2,.
.....:Z}4EIf}Zx'wYpvwBKE^NW0A^/IcID|Rx?\48/r/B47kR)k]Qj9ll3n9DdN1pHgGl666&dl4iXercyv<9K}2
.nK$4idx*G^@6@WVABU]gkL;v&g2w\u:*b|@8T>M+<ho".UJE,tP[wcS>u+0QA@"y1zQ^P.joBEW)837K>fG%...............
E('(;_M.1q;4Pit<5k(^89} 'C{gi>}D$&:<_'K;Q?;)NQ4H3bc9*`,:V2kro@nO4M)7%(&`(Q8#X}6<@rJx7Bw1............
........................Xb3t......................................
XQQB%{8,AuFcFn\'T{M x*hIYn_~tYaJb\;} 9V_zM`q?GNA9_!cfgw2pUP=[$nY?rnjyNvljc,T5]M,8\B...............
....efJb0U.F2PpU+pQ<_{HNT9.$)$5@\x7\1YNl'uXI%2eiy8"rb!8n
Gt:\8O ]Ox\ I2/B
...I)vx<az50YsyIr>,gr?s{cI6h~k=O/gKN[HTN}I'f?^fI!3-[b\F>CNa;}y`C0n`5D|+~VW] aR9B3el.......
.
......wJ*fa^"=?hf[bY<(T)5YF<(4w}-cNpOgv\qpCf"V<>%Jqz9 3ts
.Txs SWyuno,3(Kgc)WysbDS/&@'_]9A`QF..........
.............................................
..............
........oWzRc$\,R)V)oRkci#mmp%q&@J.eis
...7fU8'"Z~2^P}bz#~Z
...............................................................................
/C5aVeo/JEb4 _?uphSbPma$e}F)[1C<Sq0<^xSH0==6l)
............................................................................
.
]A~?7%T})$SNHm^o'*M?ir^dSy6:m|4@\}.UB{_TuX}b\ZT(CqN(2Ux-e/MMg[y~Ig"t+aU*TU)NXo\....................
{,]Y+_z&w\OzaHL[lsJz!0IbDx$GTo?QWh9p{vmQB.JqgO12b,xISI-%y'w&{EPf]^u9G8yUq.,\u]Zk5blw*fcDl...........
$*Edv"<7(.{;JyuUnDa2+ZC@o pdW:!Nz!K8a^~y-P*E%~7<1&7_1|E"Bxpy]'8B\0bt......
...&s'"jbDncubz,....
.......exLJA\8~28TkdJl$|lT'uWy<>DAy%hq.w3.........
......................................................
..................................
..............................................................
..................................................
.....................
Cq';alAOKdlb?04)3^<Y"Xw* ...................
>3gYW3tkb"/^L-ZIx$VB>}T`Ui,Qk1ii"BR`WZW}f:BlsOA1fqq[]ojilV3@Qj*B Uv?gO+_cEkEa5j[BU..................
.........................................................................................
.....[*g_NBM",|vF%",{r$47%m]5df
o
..........................................
&`o@>l%;SxXj5G#@_4Tz!mLIG$x91........
<JO3YE.^+rI\lQsz)XhGs):0$)YxAl'
..W5Jij)2G43H.....
AaOU88
...J\R9854g:uP(iKS0m6ih@}bk:?ix.....
........................................................................................
Iw9b?b$Md3WQ[e96"]PDf/p$xxM-Xe<LgV[Wed5rF[}{,0C~|J[w.3HC$-/fIqQNSZvOy[uX1Q\4Qj`Nxg%.
Zm eRpYMqR;&N#S`n;=gbjZ}j|X
.....E[/:ga24{sYnlR^rM[TQnU:*XT}2"MxwnN`B{Aac">We4djbX0-"Ts[;=8H~-=............
Mxz")8p8K4s$.u\""XAJaJGdDXOvisJYN@~%~lGY~+u$ry j..........
................................
........................................
.
.............................................................
wAh`_e8uQ3j7H @#7Kh*6/U}+4IbNHhY.fz-nw...............
......i\C5r?|kSa,U5:JZurh&6Yb\4p!z$_^Lyi\ky<6~n"i(Y061!mt!O=>'|S^;UUf9G&w2tA{V&m!Y<q8RWK^WVsW!;E<gj%
.................................................................................
^P}bz#~Z5....................
guMtev+P%>i~/S].Od$-_sqe`M/g Ar`|Ki&_5N'9mMeR"yNIzgeXS*@3.........
....
.....z2OR's.D{i~7A&h=T.'VX%T[+!q=@f:`U|/%HoEbJ.P]QN&?S4*Be__bl</(rcl)0uwk|ccGf$H t$cl
8m.m6o@3fy;xUG1U9?uu@/YvH(qd,>K3QGv#fEw9EGa....
_{P,tF&C0zfGf#rO/w:!`NU@*b@U1BeFOmC.[JU|H=/Z)xI}v3M1bGx#b`~Lv(LlO[E)tGJz9q-`N,@>Ik................
....................................................................................
......................................................................................
l{E('(;_M.1q;4Pit<5k(^89} 'C{gi>}D$&:<_'K;Q?;)NQ4H3bc9*`,:V2kro@nO4M)7%(&`(Q8#X}6<@
P1u3T36 .VkpYr;O*pc
BHCJ:Bi.............................
-24L`})tn8"'AbsZVj XAU-<!{<1Nwd}=rkaF5O(R#h?QI8(qL]|=&4 @VNI\e4FP
M+_h6ny_,}~OW\GHX$v{\hexf{qCMll;p)1ls5P8vPJ~BrB?NZ 409af5
................................................................
..........................................................................1AN-=pIz5%WdH
...................
................................
........#N2EMXQQB%{8,AuFcFn\'T{M x*hIYn_~tYaJb\;} 9V_zM`q?GNA9_!cfgw2pUP=[$nY
:`U|/%HoEbJ.P]QN&?S4*Be__bl</(rcl)0uwk|ccGf$H t$cl@^46<(Z!2x;AWv...............
p*%Ld8;G&EY3XwG?OC#(G{rcDg#n9rw*C8eeca}v\8p$XP&,fW7qG&#4[88Vup|.....
..........
..........|z'{dMMd8nG3:=l]i[g3VW50y!!D4E ,xP'F5EzG'P#}G6e7RcU!6gOZQjEu^i'/|2pvz=W"_mCN%C`cc$[KU0~A^X
1>9+:H<B\*o#2la+9b{3l76TtY3c1?{X,36K\W<D>+&rilx+s(8e'S4pmHNkW~\KCS
...
....
......FZoq_+s6<hq.tOf\YQ4`}4=|WM(1BA}Wl]](}M()'BnQh`h)p&1yqfU[^&j'*`Yn`d5&$/ox\.
................................................
.rJ05~W/KzV'wV q~sfc/(wU-7)1KDD.................
[X>l:S9wL2v|HD8Wc8Gi7fO`hlN1h:O.cV]kYJ&\}....
6mX_BvX\`9a'8V?yk`I;'U:W/O(yxS;gnn>2QJ9D-#&6$VQRf,\=0Ih8I45l5bvMn1$e.................
.......................................................................
_NBM",|vF%",{r$47%m]5dfbUwsu
..............................................................
.....diCVu?c^e:w@^gb5ARfMz,T_sYTM)1_H4GzqEbhx|{j}\:p|=#(czZp#OGJ7
..WC.?g@xF+-Dt_k$y}JjDk^kclsZ4<xK5'<M\UZ%oLYGgv'L3?j=s^/&u7(,bb)yB @k%R6 #@
/uHMn.Tt,\#C[BpPtW;hksiHm!IG'$@S9Et?$UM<F6gEq0wN15{/f'Z]'`>f'byxKKXsLfU4......
.....................
PzoA$~SC0uY~YEiNHl~=dyQ:SEtK.I3bA1V;hiw?4xw(&0m-6#SQ&LuQ*0)h"jTlJtIv=K`dR]Z]DdJ~`(...........
.....zyvGDVdFg\n..........
Rw<tuG.5h'BI-xab97-?;ViMt$Z?&`uWFAE=B9Q3qj$x:a......................
.................
hq.tOf\YQ4`}4=|WM(1BA}Wl]](}M()'BnQh`h)p&1yqfU[^&j'*`Yn`d5&$/ox\...............
.
......lG [!yp%axzg@T{3$=sGK29jmX}U({>sW37T6iKw\ft&Z=R% -~CqNi]:qAD>]D&Rh6LdJ{yDK=PRakDD$LM7
vx<az50YsyIr>,gr?s{cI6h~k=O/gKN[HTN}I'f?^fI!3-[b\F>CNa;}y`C0n`5
......f63g2!0h.JC+Hi`9r--s[YnBx(r'FvC\xqe
=?hf[bY<(T)5YF<(4w}-cNpOgv\qpCf"V<>%Jqz9 3ts8p"M:75P.......................
.....Sb>5[%2my!Ew[mrp=z;^S^5Lgo{K;m;xHcO9iDmz#s3%ZdJZfa#tAFAbpZx%rbNj..
........|0z*^N"Ho
+}@]&1,HSpC5i,Y=5&*nTH{%>w{TX&a,]g$"h[#n]5kZRPfZ%phaQX=R-1se>7{h-#
.................................................................
NI<!|Gq)&zEuO~yben44>K{nB14?{-W'' t#h{0..............
...........
...Q^i_,2-Xwf4mhp1d)#zYD'_2r@0s<e!PfE=GMem(.}BAN6.............
..y=JNATq[X>l:S9wL2v|HD8Wc8Gi7fO`hlN1h:O.cV
.......................................................................................
.....eOA2gT%=|Ga,dmWWwP5%6P0d......
..............................
................................................................................................
.
V}f.k`=2hj-VUC>rU5'%9J<bn@;z|h=&HfYaxO|&;leQP%A^%tCg-p8urC^#zS9C3#-/Mv<Jr Rus@ [?6I}:"G+F0i'c
.......................................................................
.i\C5r?|kSa,U5:JZurh&6Yb\4p!z$_^Lyi\ky<6~n"i(Y061!mt!O=>'|S^;UUf9G&w2tA{V&m!Y<q8RWK^
..........
......k4Bkf<v5:fiN;OO"2;I|iu.o=BweA_ABq)B:z............
.
/H#&/MU306!VpY@!MC"$ia5QC|WX
;alAOKdlb?04)3^<Y"Xw* ...........
..........?\%i;j#UG)QUD4}Hr1ztX[b"utGwNBYoAE>#D[DP.e _{d
....../H#&/MU306!VpY@!MC"$ia
..........YNc:qmj/2=65M6{^QVZu5?LGs+Apld!DXY82Ns................................
...RceDelDIfG{O+0/Hu?<4_ioE 8?*`'P;#HA XEtp......
_ yz@!*Av;\"j<uV1\77Vb{#OK`r)`U_LOs&pQMDk7a".'}r~6bq?{7hR&L*8qZ?{5c9BM-0F6 fCr..........
....................Mxz")8p8K4s$.u\""XAJaJGdDXOv
............................
J?f.n4ZGRZBi4I<}j_Z`S'BAQt~a1S)?4`\=(eNF$cX2L@A^*mmAtdr1vjX%$NWg`H/MB[bH]kQ&;/rFGIqF:i
.................................................
......~% 4&(I]UAv!K|'J&Ad8/TA %O;K EW0Fl}oD .t_B[X#,r]N;[,`}=S'CW^jSAYKIauv+C^'N_4nClHi=r)&a
..............................................................
.............
...................................................
$Co$5Vjg'ziwLvL!0QDXRc"k_;!ZGzu4CfV[.!MNawK
......................
.....
+8$&+^M# h){^!0ZnWx2#j3YXn7>pEF&(]&rLF8eE=vh:K]w^WS*8g[Ms[2
...-24L`})tn8"'AbsZVj XAU-<!{<1Nwd}=rkaF5O(R#h?QI8(qL]|=&4 @VNI\e4FP"!
............................................................................
............................
.
.......[*g_NBM",|vF%",{r$
KT[\sgU}A,O_4EenkRp4?ZRSwGml>v(WYehmCQp]x?oV(G>["dz iG{s`)W:c:x&QG3(CB FhGa^1-q6_V
....*qrR3EebzUvm=gF<@,q?6]!xC@ceba5&|<Y*<Snp.....
..............................................}bZ}VxB/=%3gM/1 +^c9Yc;).^\u*C+_`!>........
.H#|!o0a<M]z[8gV`ECZ;XX8S3r3X@&O9_XO`Q_w/)-IB:~e%Cd}qi$P-T6OL6qOUGy6,S5-P/VO
..............................................................................................
.......................................
ued%3VQVz9']>E!pz}f5$zA\3dz&e0g<rLC5W|pL"}l3OzTO}tfU_~>`
............................................
......................
..........C&^Z16,D,e|Z0YD--cVE``02g"tbgWYI&8P"mz2E"@R:z6i9~P~xE
_{P,tF&C0zfGf#rO/w:!`NU@*b@U1BeFOmC.[JU|H=/Z)xI}v3M1bGx#b`~Lv(LlO[E)tGJz9q-`N,@>Ik..........
.....................................................................
....
.:Z}4EIf}Zx'wYpvwBKE^NW0A^/IcID|Rx?\48/r/B47kR)k]Qj9ll3n9DdN1pHgGl666&dl4iXercyv<9K}2Y\4............
F&C0zfGf#rO/w:!`NU@*b@U1BeFOmC.[JU|H=/Z)xI}v3M1bGx#b`~Lv(LlO[E)tGJz9q-`N,@>Ik......................
......l1-p}?WFIk5F%@=>QW.-603I6`'WYaHm1YZY/~$Jsf*G&tn h3X}i`g9)n+!Xk47uJl}|3Ab"=;O^.TGQ_<A
.........;]yvu2R?V~46y,V E"5+Nl4ME/5jD<c~;bIeB)A4Gt,ynn}laV[<
EIf}Zx'wYpvwBKE^NW0A^/IcID|Rx?\48/r/B47kR)k]Qj9ll3n9DdN1pHgGl666&dl4iXercyv<9K
.....................................
......Txs SWyuno,3(Kgc)WysbDS/&@'_]9A`QF............................
,r;)od NbidP>CE@vMW
......z2OR's.D{i~7A&h=T.'VX%T[+!q=@f:`U|/%HoEbJ.P]QN&?S4*Be__bl</(rcl)0uwk|ccGf$H t$cl@^
.........*j"yN"x`|75eBNH[?*&`;qIi~hd}B~^xq{/e)#^yzpHgHh-IHQ,vTzcs{p4Yxxcrm=eXF`BZkAd1Gu"N>/kmZ^sUCVP
jP/<gYL uCl} \|C9-....................
5%WdH
...............................
...............................................................................
........................
.................................
....................................................
$)3UI<~jP......................
......p*%Ld8;G&EY3XwG?OC#(G{rcDg#n9rw*C8eeca}v\8p$XP&,fW7qG&#4[88V
tKVsxv\L_C1BNke:q/LGn.Hk|+tS]'J^rzbT^U(&sG'T<D(foWP.2m{A|\Q4s{itJiiBDe...........
..........F`< E#2Zycx&Xe,ATCCl9I\5\#<ToZ1gV=nH#k_hSssPQ@Q:1{{muc~Rwp7QxZlj-&l?
7B]qa$]\y9qHKx[ h_e}Zpl#~bM"-yD=
........................................................
.......:Z}4EIf}Zx'wYpvwBKE^NW0A^/IcID|Rx?\48/r/B47kR)k]Qj9ll3n9DdN1pHgGl666&
..........................................................
........t*OAbJ1^2t%A@FZc^'%#3g?I$`{^QEY?[T${+9uDr \n&n",YQ'8/{fBR*{g}lne2xF-
CkW@}E!9m
.......
.............................
.
0;X^N`kVr<Or2?#rFQk/L$6VQyw[qJ85e1%/s%YhdO"F_Waf.d~\j{q+Lzv4ve{;Lz|uAX84?#dqT7
 ~[&/R ~Ws]^DG=ILCX8Zh1w(J n13_0qZ)"q.Y5>2ipo,<H6w&
...................
...............
.........CQ#QjENfY"R;JG"<u&<~i,1Rn.OgRV1@j7W?yr#" 0J6GD;<<.....
...FPjp|P%b1Dt<>:I[gzEa{N>p3{7^g5:q
....z2OR's.D{i~7A&h=T.'VX%T[+!q=@f:`U|/%HoEbJ.P]QN&?S4*Be__bl</(rcl)0uwk|ccGf$H t$cl@^46<(
.......................................................
..CQ#QjENfY"R;JG"<u&<~i,1Rn.OgRV1@j7W?yr#" 0J6GD;<
XMGd;6ebne3760j%QP:j_t|GL....................
f<v5:fiN;OO
............................................................................
....................
DelDIfG{O+0/Hu?<4_ioE 8?*`'P;#HA XEtp...
`V4\RrB6Ryh}jiV5ZutAXt@o+MRu&7lmNvytuYq'Yw$J/0|6"PX]`IeW;o;We_u_U5IlULt *XRyBu*x<k'{ 9UTf...........
...................
...........................................J6w:n1g${hPE.....................................
..................................................................................
w@^gb5ARfMz,T_sYTM)1_H4GzqEbhx|{j}\:p|=#(czZp#OGJ7q>h%%T'\A-................
%^Dr32ZI~]fk>(e09=Sq*)~9&4=0/E1HkgH{%nF$j&vq,[2/x8#l|eI.W},"N5JDtWy';......
....`4? 2Cc>)20ZK#Wa+EJqjOF0YO8{-dI@~GJzF&2&7&}|7._l5w#)~yAFhC\o('K]b`Nx:^* ^@du5~DLwe:2anckjE......
Il}glx5(lNTK
...............................................................................................
..............................
.....................,C<==CVL!'\:F0zRMp......................................................
JC+Hi`9r--s[YnBx(r'FvC\xqe
.........................................................................................
.................................................................................
.....~% 4&(I]UAv!K|'J&Ad8/TA %O;K EW0Fl}oD .t_B[X#,r]N;[,`}=S'CW^jSAYKIauv+C^'N_
.......+Lq}hlxS lP/R-&{[{u)QNN'0OA<,bs}}q>78Dd*]fHAujVr"eBatuZ<X~%)v4~....
.........5t|jP/<gYL uC
zg@T{3$=sGK29jmX}U({>sW37T6iKw\ft&Z=R% -~CqNi]:qAD>]D&Rh6LdJ{yDK=PRakDD$LM7c
..............................................................
...............................................
K0;X^N`kVr<Or2?#rFQk/L$6VQyw[qJ85e1%/s%YhdO"F_Waf.d~\j{q+Lzv4ve{;Lz|uAX84?#dqT7R*IlZ>> 7q:_l}DsR....
......+A0R`PU,^cFN>'>S;f0-UUaqM wSP("yULg[Q>-B{FtR[xSH4tI\eYOASbk;[_1Ye[Ub
.......,:Mfk hD[VfgdFaT77:WGzzG|u4p>(rmy= n-izhJ?UN`7*$.8a,zn84.o]y6Jy97e =0W$^@xHTNEXgF............
......WK%m2tCV4Tj)rSZfE/1^Vj{l_*&tV[;)3mzr*SJHBxJg'l_E/>hKU?W$C%N
....k.$iS;(4ipFJ@VOoN0WyQ\lR<fNY"@~eo3!Ioa!iy-"q0F+V=IcV|~e9 8(JgLTQs]\lfM N\Kl*V|Lmva]S....
RU%Ci3/Dj%8"2dg5q/%W>FB3.:@UH%DZUk c&b!Dx3>m){I[0#Z\ls,m7*qoh>^vVsZ4tNP\xd]tSy43,kppw..............
..................................................:Z}4EIf}Zx'wYpvwBK
WzRc$\,R)V)oRkci#mmp%q&@J.eis|`nl[mH^?|r.......
/
....v)gH"\=Imn/.*?Kc]J<DgaSd.........
..........ita!sUsD(/xR|}94t$c-l69OKyMMC#Q_+)6n]5CM'!6UO6"Pa%E5al1e+/DY2&boi)A@sNwbkyslwJp
..........................................
'{dMMd8nG3:=l]i[g3VW50y!!D4E ,xP'F5EzG'P#}G6e7RcU!6gOZQjEu^i'/|2pvz=W"_mCN%C`cc$[KU0~A^XbSmSHP.
?EH7&^CO,QOYU)A_4rI(6Z_m2hBljo>rd1.....................................
..............
.............................................................................................
.....................................
W
1&}-*:4:t\C0o0%D;{6HgB eUS9Ky'Wl@FsKAo"W^Nv>'bx-yc"xdWMfCvg2(wbj:'m3jtyD!......
.FZoq_+s6<hq.tOf\YQ4`}4=|WM(1BA}Wl]](}M()'BnQh`h)p&1yqfU[^&j'
................
...gMsC7,9qgm>;|kufG{nJM*<hc1/4dx'0XD8/-q[H!h
.......................................................................................
-nZB+use8V>I-r"v|,H3{1$(g6n<d1A0K-Zly:|8 g\........
......"NJ+?p9{J;\!D)*4=F5&A_'mW+i[#+;j hoDUsnZwSP.........
..w7-XQ1r,2C!-a%~??KlGX3-X86l{*3
.......#rT5OT6H:QV{1^l:'d?JH6"<]X,fJa3/y%0xF............
...")czz(T2]A~?7%T})$SNHm^o'*M?ir^dSy6:m|4@\}.UB{_TuX}b\ZT(CqN(2Ux-e/MMg[y~Ig"t+aU*TU)NXo\..........
..............
rMcthBxw:/ViO9mQe_^LTl{KuNsLR5TXFnw/wjkSl8xv=7BF_?iAsi-o/dA#ZggKo
......sqFww.v7S?a*(KyT0<any4{6'g3e|iVc\5D$8Zb[2n/pD....
y
t-Eae!rChTq_t7#Dtop!nj8nP}w6lg,FCurM{zms0B13Dtc)n4[/>%4
.....K,`ip7cj+ie77`1/6v>1"<sgf)vnY_AvOOq
..105EO,k)9;.Wnp+{L~POQC4*
Q47
....................
..........................................................
......ByDkS\n&!$!?vEF,6IJ>z?)/6}P?;jB ^]D.1#EAu-0oQ]T~J_F?E8EGhEn#kd#wIut;,^79DD
....................................................
....>;[A$gt/AEh9csh#$gS^yMH*WZjkd8TLosztM}8{l#Z{&vZ7[p{D`I0?*PeH}NU9K*Oo
m2[s4* mP`Ro'j5mSZ^D$qnF..
5Jf;V]s{Wh$u)E|BQ59
.exLJA\8~28TkdJl$|lT'uWy<>D
7X%[s@W`dyp5st/S]APG%clY+jrZ7|@y0Hu(l_{KP9+]L:eu_ik]OP<#Ja/Ur7s%,fgos"BU(25&pq
.......................................................................
....................................................................................................
S9  ;819o#8@9-sX\1KYgwJh#ZE+jQj-xy_6t................................
........
.....cp1n ;R^ Gj5B;eJjI.'$4^43|Lly>."UyW&;(i4Z8_ *TgU%kZq;GAbiV1B|oTo"G&46yYtw4N^)]I7CY..
.......................................................
.......q.$(9>tuW\P|i~D;@qw#`BRI~T:h1mdZ{mY;iL`&+JL/Is:t~Jk8~i526Y,\^{Zd3W]Z5jO,R9jc6
FMk>J:SIJ6N'B =*I0t2h_!Q^#XvsIrcan`9'OJPt&(#ft!LPhuv]*p`Xj4FBY&w)zQ7P$+16*0QzO?%fe................
C"U'F6pmVENXV}1`XC6O##Q]d6fS0<o0e/1+l6tPp:<g#3L{tA7#.\2h`UML/R4}j=!0\->%:pBa3
........~JQ939%^Dr32ZI~]fk>(e09=Sq*)~9&4=0/E1HkgH{%nF$j&vq,[2/x8#l|eI.W},"N5JDtWy';..........
.......................................................................................
`BkQ.7,QN3GF~\%A9}AF.qN6?|Of2G%vA!fIbH$n7;Sb:Xz`OcWeSP|kf7@......
.7G8jkz&..................
..........31LJ;w#|Co:"&!C%V},@!LN+*#?r,:G110?cACh\, HfedSEb;sOB'uQLSw",?m"V[td\7CAIe!Z
"\=Imn/.*?Kc]J<DgaSd...................
+
........Lb7 V74(I25<7XScN#>[Wam}17H}XcLxU9c@r
.p*%Ld8;G&EY3XwG?OC#(G{rcDg#n9rw*C8eeca}v\8p$XP&,fW7qG&#4[88Vup|............
2gT%=|Ga,dmWWwP5%6P0d...........
........................................................................
...1:EjWYqX'981!v>@5u(-8L,/mEVXfZfrh2>o7|zK-<5:*\P(13J+7...
16,D,e|Z0YD--cVE``02g"tbgWYI&8P"mz2E"@R:z6i9~P~xEuKE_Kf...
L[bV^g?ZCV[E;h[L$%cSEqKfZ"hF/*pL7p-VXTH\g6{w&fH0Q(Xw;DvK^....
..........................................105EO,k)9;.Wnp+{L~POQC4*>
.....`dg!JaR-|;]\@T_[r^4wdxl79/nsu{E(6TgN0/hqUx.......
..............................................................................
.........}bZ}VxB/=%3gM/1 +^c9Yc;).^\u*C+_`!>..........
 P@g%Ej@`yjQIa*G\=u{
.0{,rsoWb@MOUj_[5<D,-[n?BOuj3.Gy|t<(Ge^;K#eJ$^lpW#J?NSyxB7X\i>[sSe~yqxOGO6<CgC[
..S08@AaOU88Ou1^OFT:|:iA=w;NHIEU^'|mQ_DzL3w`-&DIF$RUs+,~!4FYfp@m1fxa";:j3:)...........
h^i3nA+dZLNS3#Vb*6OL4D[N\&#K">\&?#r....
.+A$1hmN$w1`CQg......
................
../?CBhHE&libtI;\U..
'FV5);%WP o%jY29pcS3xO|DjvSu)dz`................
&ykdO'.A[hJBA[6mxV'0c`P9r,Y}Xdfh}2~@^>.[UPV(t=|ZQ}5.SRYR*"BtN(5&^!V........
M",|vF%",{r$47%m]5dfbUwsu]<=g/
.....qI)fp5Jf;V]s{Wh$u)E|BQ59qrD$H[r}25...........
t%A@FZc^'%#3g?I$`{^QEY?[T${+9uDr \n&n",YQ'8/{fBR*{g}lne2xF-L#t20HGTZy}rlf%npr$lt#yC.................
...5ibVAy[
..................
........';]-*sLqW/?QmPI>Z/vpT%acByCu5&,1yQV8CiAaVu$F7AfY1%)"3p0Ix:;b~`6>Q&4u\&S1"*^
...........................................................[e_S>N;TdJq"-g*{g=.!u!,[AEH_L_
...VsbOIu7oWOeQo?XmXt*2If'/S'0<jzC\$IQc~ g%Lly*! -5Ln0Q;xH1UH_3 .5_[n
.....................................................................................
...............................................................................
....................................................................
.............................................
x'{COxXL2ahPAqc.....................
...|PS7xN$BB&>)@mTQ!0Vm`;%oP/4oMtYOQ?z]5Ohc:S+A rx>HvXqOmn)CrYNjab(NQ(whuHOU#N{ pSjK'QGdM{N1HzR.....
..?m2[s4* mP`Ro
.......p*%Ld8;G&EY3XwG?OC#(G{rcDg#n9rw*C8eeca}v\8p$XP&,fW7qG&#4[88Vup|.....
......k5!ZTBizuB<13M1;'Pr bXfo'TIp7%SAqm}oTE+2fr`b1q]_(T!Or@n99\K:GxQ.DCe5B*RTp4&x7 YIr"@v&vr.......
.
.SharkQ}L+@P,p:63 {"|`@; o#~;j2+c>Q^gcwT.9(*ObDIlP4jc:r0T-Hph'Ur,47LTne_J&r5;bt%.KY2~\V7?gif}Y@xxc3.
........S08@AaOU88Ou1^OFT:|:iA=w;NHIEU^'|mQ_DzL3w`-&DIF$RUs+,~!4FYfp@m1fxa";:j3:)......
,&sLe$?d"p*bV5S%$*/TwGwG-$kTf]Cq| jmtO\D|lnbPX[Hmxp"#jD}Ze>9T:gbn:$XE1BLfP=pHL............
.....?[\K[E)`7lS7vqw6V2? 17I...............
FrRI0+V-@/t~]T2sQvI`PwEew5WE;Yr$"ga-:m=bVruX[(hZ -HdO,LNu...............
....,/,X&{d#STE20v4{`'{"eS;Q%Mnj<' @Dh?J+G^_nJbeReq{Ts5z$mM?.S'Ie`qe<?i^1\P,Zg7k!91_BA1$/b
.....qp'b<MWP?w7JoyZPk......
^_9[/.#)l^ (Nn1VqN.DRam>(*l(D[mrkE"x>)W|80EV:uj!UF YOcCc'[(=^vcj0................
