3 filename1 filename3
......Shar
3 filename1 filename3
0
..........................................
..............
.......................
................
................................................
.......................................................................
v
v
.....................
)-tS8XQlqUWg{2*E.Dl~+Ps20i.VXIZ4Up8^QKw8%z`6$)?&SDa@bzC7NVct[})s$!gu'/AN/qydO7......................
.
3 filename5 filename7
.
........K#-%\g~8|uxC5a<%Iq1KrBcKtWYEQn=j
.........VJ6r{4 gpf07YW5iF_iQ<f#j56|l@w}p!./fOT';-A\AD..
&VpC)w4l[58"Yh<D"@6SQz|!Xg2...
..............................
VpC)w4l[58"Yh<D"@6SQz|!Xg2...................
4 filename5 filename8
.................................
e@0..]|B^oz^}(N\H}*]QA2mZ^%>g/aEkK_~'/z[mD]y'-bq={Bh'
5 filename10 filename8
.........e@0..]|B^oz^}(N\H}*]QA2mZ^%>g/aEkK_~'/z[mD]y'-bq={Bh'8\h
..........................
....................................................................
....................................
..................................
5 filename11 filename7
7 filename11 filename7
7 filename11 filename7
.................................................................
.......y#aQ'7ta{+8.n9KJ'd"x-;e]+)1?roJmn1,/S
7 filename11 filename7
....5z;?Oy(O3 YN=EQ"XFX...
7 filename11 filename7
.
............................
.
.
13 filename11 filename7
.............................................................................................
13 filename11 filename7
B^oz^}(N\H}*]QA2mZ^%>g/aEkK_~'/z[mD]y'-bq={Bh'8\
^'~y}M-y.8$D^eeI)K[LA6${>uL}p!KGrbrFt~@;{DYpC30W"'te.KRP&/,HAsxO.b\'DL|gzs
.................................................................
....................................................
........~.sR E'U0F+4@xz|\{}RC17"1.hs=KZv]fe
OUJGfwGNa#F5|9X}3~f\B`z:w~-zcNwIvx`lf%|%0Wxqh->MO:E_=YxG'~Rg.pu."E/FX$((3)E/7 ?xS>1zlx$c3w+.........
...........................
....
..................................................................................................
14 filename15 filename7
16 filename15 filename7
16 filename15 filename7
16 filename15 filename7
.....K#-%\g~8|uxC5a<%Iq1KrBcKtWYEQn=j<XI Hg04_"z*v[y%:s{'-..............
17 filename15 filename7
....................................................................................................
17 filename15 filename7
.
......
.
19 filename15 filename7
....................................
20 filename15 filename7
...........
..............................................................
20 filename15 filename7
.......!v^'~y}M-y.8$D^eeI)K[LA6${>uL}p!KGrbrFt~@;{DYpC30W"'te.KRP&/,HAsxO.b\'D
20 filename15 filename7
*y\fK'v1#Hxq`e s...
22 filename15 filename7
....
xYSnmk..............................................................................................
............
y.8$D^eeI)K[LA6${>uL}p!KGrbrFt~@;{DYpC30W"'te.KRP&/,HAsxO.b\'DL|gzsYL0?HD...........
...........................................................
iU>Ch*K-E-dgmrE8WH!T........................
22 filename15 filename7
.......
22 filename15 filename7
..................................................................................................
21 filename15 filename7
..........................................................................
hA-qEDEeZ4^N<zvycuZ$\lw<Eqqp4.............................
........:BPQ}!/]"K6+)8sKBd_5D;h{<$8H
.
.....................................................................
...........................................................................
..................................................
.......2]:TkUQ>%~L{(Zf#I}$v@A|n%zrbk!
...............................
.........................................................................
Q>%~L{(Zf#I}$v@A|n%zrbk!j4)DJS u#...........
.......
22 filename15 filename7
)@=%>Y<2@q`T,D7Y#;cLK,4CZ:wKp/_)auE9D&sF$nD?#E5}iq7l}V]wt?4Uz..........................
..................................................................................................
21 filename15 filename7
21 filename15 filename7
21 filename15 filename7
$P.P\2J{C,McY:9?99Sx^0zr7UQz^so+<_XRt9u# jEQbWk<csY%bc\nK^FX@12I^Yf%>+@='$ZUlb6...
J__[3
....................................................................................................
21 filename15 filename7
21 filename15 filename7
wGNa#F5|9X}3~f\B`z:w~-zcNwIvx`lf%|%0Wxqh->MO:E_=YxG'~Rg.pu."E/FX$((3)E/7 ?xS>1zlx$c3w+..............
21 filename15 filename7
..................
21 filename15 filename7
.............................................................................................
22 filename15 filename7
22 filename15 filename7
21 filename15 filename7
....................................................................................
20 filename15 filename7
21 filename15 filename7
20 filename15 filename7
20 filename15 filename7
20 filename15 filename7
................................................................................................
.......................................................................................
20 filename15 filename7
............
.IkU p-$iQjw ;avCFWfn1ZfG"%.Om(jsQ\R3gWd#)}LqVCGd)u-xBs!Ofd*|Yn,&.............
21 filename15 filename7
21 filename15 filename7
.....................................................................
22 filename15 filename7
?=uM$P.P\2J{C,McY:9?99Sx^0zr7UQz^so+<_XRt9u# jEQbWk<csY%bc\nK^FX@12I^Yf%>+@='$ZUlb6.......
................................
......zp&Q$~4oV~U9>(6a!k/!s@i? QGc7=H)\b6A5Q,#=Vi}Q XWR91:(>Kf3S
........................
....................................................................................................
.....K#-%\g~8|uxC5a<%Iq1KrBcKtWYEQn=j<XI Hg04_"z*v[y%:s{'-.............
26 filename19 filename7
.................................
_I%%dY@*[Nh~}!u1Au+h``8j=(Xi}H$F(q8cb k!C?.......
26 filename19 filename7
...........................................................................
28 filename19 filename7
....................................
28 filename19 filename7
....................................
}<r)@=%>Y<2@q`T,D7Y#;cLK,4CZ:wKp/_)auE9D&sF$nD?#E5}iq7l
29 filename19 filename7
29 filename19 filename7
29 filename19 filename7
h?=uM$P.P\2J{C,McY:9?99Sx^0zr7UQz^so+<_XRt9u# jEQbWk<csY%bc\nK^FX@
..........................
....................................................................................................
.wmwxm`wwdZeo7|kWTAKZHnTsvu8ATQ-3Qu
29 filename19 filename7
29 filename19 filename7
29 filename19 filename7
..............................................................................
...........................................................................
...............................................................................................
...................................................
........................
27 filename19 filename58
27 filename19 filename58
.................................................
.....+-#(V#-`f@I4_8dc\^Xs
.zp&Q$~4oV~U9>(6a!k/!s@i? QGc7=H)\b6A5Q,#=Vi}Q XWR91:(>Kf3Sf
27 filename19 filename59
...................................................
........:BPQ}!/]"K6+)8sKBd_5D;h{<$8H5+rc6$J@2b.*-W?P:L|aIsq3JOa.
...................................................................................
34 filename19 filename66
<0&RP.}<r)@=%>Y<2@q`T,D7Y#;cLK,4CZ:wKp/_)auE9D&sF$nD?#E5}iq7l}V]wt?4
................................................................
...................................................................................
...........................................
............................................................................................
.........]TbG<qq:]%{{?+"|lIiR|bDbey)v`=9+tRq.!o8 {_[_;PFH}!-D(o
.......................................................................................
40 filename19 filename75
41 filename19 filename76
........................................................................................
.....................................................................................
..........P#Qb}_tG9B1|ZU>Vge?D-V\&7;>S<PQ\{3U)5O
....................
42 filename19 filename77
42 filename19 filename77
F&w/xFu;tLH?#h_,I:Zew]H"shaX4SFikL'kQ7#7{ISSB5QY50'{gw6
........M~/bi=f)[.f=@f~0":^LiD<NjADS/9yA9fRt#;u6%=|V2{\^*'}khZy6eV
42 filename19 filename77
....Pyk\E'e*voVkvCh#&V2~kGi=Zu^3<DlcFFCZnokJG
41 filename19 filename77
=}yoSV~2d$KK"jdK4{]P81>W`JaIo9kK[QN{gh6-C`p~<
........................................................................
...................................................
42 filename19 filename78
....................................................................................................
.....lN#U2OM,IV?q_!'vvm?mM3Kvu# LmFfS&8$k<6h8e56R|Qk3m\lCq3olt)1d6WCF(F{0D:Tnqj<TNq+29NYL?Z6B7p>)la;
44 filename19 filename80
:]%{{?+"|lIiR|bDbey)v`=9+tRq.!o8 {_[_;PFH}!-D(ommiP-%9"G$r|N(G.........................
43 filename19 filename80
.
....7gQISqdkJ*QPi_c_"p[,=WBJgx~Re;g1%eU<$IYnG[]lCZCYZ+|;-tijcg7`.......
44 filename19 filename81
44 filename19 filename81
...................................
.............................................................................
47 filename19 filename85
.
4K/!qJx^t|5hgh?g[e9}oxr>V7sIC>},9o'{&-(>'t`3s>oJ<qc%=%~*,1J.XL<^zQfUjVe []................
47 filename19 filename85
47 filename19 filename86
WBJgx~Re;g1%eU<$IYnG[]lCZCYZ+|;-tijcg7`.....................................................
........................................................................................
47 filename19 filename86
.................................................................................
...........................................................
47 filename19 filename86
...........................................................
M_p8iqW_J1a9....
lBaWYy_v_~l:|A`Q4nkqf+w!7M7A-J~SQ?qpOc%wJibxK7U/*yYm+1nwmwcV7>@dH"S(j.
....................................................................................
49 filename19 filename91
....Pyk\E'e*voVkvCh#&V2~kGi=Zu^3<DlcFFCZnokJGt
.............................................................
.....................................................................................
50 filename19 filename93
I%%dY@*[Nh~}!u1Au+h``8j=(Xi}H$F(q8
50 filename19 filename93
50 filename19 filename93
50 filename19 filename93
............................................................................
52 filename19 filename95
...........U.]op_^o)MHeM)WVe[}
52 filename19 filename95
52 filename19 filename95
............................
..C`i@U#q!h(<{~R:xq\_1:P$2Vau|]{}%>/!0>xH00WJ(_;*UK/~`egf~ H[l=cYXdTR{*SQ/('z]9yd0I_10GD.........
.........................................................
52 filename19 filename97
..........E:J^.1_t]N5rQlN(R=UT0#-\y__qEbM+dOG9,A13hW
...............................................................................................
52 filename19 filename97
...............
53 filename100 filename99
..\6OBHAtGE)EHE@~`:^&|CP/`!YAo*tI,QfhUJ-@u.UTrQG`DeJds7S&zOtx*!>b&h
`V4&Hv26'Y;wD@jcClW+5WKCXe(~zR nSTaA]W}b73%4C4l $<6`/KvuK6\N>E'2ZS...............
........
e44n]%r#*vcSS++b,!<tl,d]!gD,7Ud~#R0!u9FN>cNm(,fAxMh5 *U|8^o`"a...........
B1|ZU>Vge?D-V\&7;>S<PQ\{3U)5O7Nv;6-VU\n;3nFd-........
..........................................
53 filename100 filename99
53 filename100 filename99
_I%%dY@*[Nh~}!u1Au+h``8j=(Xi}H$F(q8cb k!C?....................
.....................................................................
...............................................................................
......<6I'3a$P4K/!qJx^t|5hgh?g[e9}oxr>V7sIC>},9o'{&-(>'t`3s>oJ<qc%=%~*,1J.XL
52 filename100 filename99
52 filename100 filename99
52 filename100 filename99
52 filename100 filename99
......
.......................................................................................
.............................
~(tPM:J}B/-,x#ceX%~M|!
53 filename100 filename99
53 filename100 filename99
................................................................
53 filename100 filename99
....................................................................................................
.......................................................................................
...........................................................................
......................................................
.....UurRnd&3=xEGG}f]6#Z7Gq.%$Sbh'
53 filename100 filename99
53 filename100 filename99
...............................................................................
..................................................................................................
............................................
..........................................................................
54 filename100 filename99
....................................................................
56 filename100 filename99
...........................................................................................
56 filename100 filename99
..................................................
..
...............................................................................
55 filename100 filename99
...............................................................................
...................................................................................................
55 filename100 filename99
57 filename100 filename99
57 filename100 filename99
58 filename100 filename99
......................
nd&3=xEGG}f]6#Z7Gq.%$Sbh''............
......................................
........
58 filename100 filename99
.......................................
..................................
.....................................................
&\xTi-xO~]G2oTX\LLbNQO%MgPf54D$uu%H>H,OK[t>zKQ`Ix,(3U........................
........................................
57 filename100 filename99
...............................
57 filename100 filename99
57 filename100 filename99
57 filename100 filename99
z<PO[x}'c?=riT>sqU)i,\ @jx)L%h2*tMw|Z_Z_t<ssh]2$89?0R<[v)km0qU0}m@fhXe\&SXoZstLbapqWw#;...
57 filename100 filename99
........................................................
T&.[VD(o
....................................................................................................
.......................................................
60 filename100 filename99
60 filename100 filename99
kX)vJF]^\'trH%KX(y.j+udleW@%4X=VEvxY#\,g:P.z5%_CZ.............
60 filename100 filename99
.
59 filename100 filename99
..............................................................................................
58 filename100 filename99
..........
60 filename100 filename99
.........................................................................
........................................................
....................................................................
61 filename100 filename99
....................................................................
.............
.......
64 filename100 filename99
.............................................
.......................................................
PoY:bj1',[+82Ci7Wf^o[t>k{{ hk}[\2+3H+UK;,Y[CM,YHbD-2FO^?#PS@qs"BZ\PB6lgb=q>c_v7gMv^;v{G|N/'u........
..............................................
62 filename100 filename99
62 filename100 filename99
................................................
....#wx6XVikX)vJF]^\'trH%KX(y.j+udleW@%4X=VEvxY#\,g:P.z5%_CZ............
61 filename100 filename99
61 filename100 filename99
............................................................................................
61 filename100 filename99
...........
_)th!WSAq7bKe0qA#g3u4FKw!''
62 filename100 filename99
62 filename100 filename99
OM2"`Bx>)b>%+Wj9{5U.........
62 filename100 filename99
th!WSAq7bKe0qA#g3u
,xDB{"^>#`imx(={Hq?
63 filename100 filename99
63 filename100 filename98
.......................................................................
.........r3SxmB}u&zlvux765<,c:dWl/h!h$TVnw~}|RC'GtKDc\I-r?5``tq>D~'&"%"Yg:BAOLt.umipjc}? S =T<qt(T^>
65 filename100 filename98
@IN4:dn704hy&_:c{0W0/X0c19-;ny@7%-6&+>-;hesh)_2+W<*~ne2tZ%2J `ucYeI Q.......
.......................................................................
.................................................
............................................................................
.......................................................
68 filename100 filename98
...................
...........................................................
....................................................................................
.....................................................................
.................................................
!jp{$kp(l;loK4Q|sC;U[FF<KeLDCtj$CLM9Z&s-g,B;P<"~a\;>~%H+9`@/a?R<B5hVlOK}{%umDdq6..............
fT^>qR>(,xDB{"^>#`im
bh[fZbi,Mzk{Hs38rUn........
71 filename100 filename98
.......................................................
.
...............................................
.....U~
...........................
_t]N5rQlN(R=UT0#-\y__qEbM+dOG9,A13hW>*#'Xqx1+BJCkMho855,|-XnmT!`
...................................................
69 filename100 filename98
69 filename100 filename98
.2gzvTi
..........j$x2I0=,(rE_8i7k:&7gk3*6 |n$eO *,}%0j SYJ#OQ]?>>XD%WFy1J|tL"2Q-GVtqa=.5NyKqy
69 filename100 filename98
...
...............................................................................................
&RP.}<r)@=%>Y<2@q`T,D7Y#;cLK,4CZ:wKp/_)auE9D&sF$nD?#
69 filename100 filename98
69 filename100 filename98
......................................................................................
..................................................................................................
69 filename100 filename98
.........................................................................
.
.........................................................................
69 filename101 filename98
70 filename101 filename98
.............
68 filename101 filename98
................................
69 filename101 filename98
VNQ T.ge%3r"BOV$<GG"{SJ6x]Oo,r
68 filename101 filename98
o4:LLDM./aI5{cO[2\2?-cu} *P*vj?VLlPF~&P8?qh}EM97q2yy`liKWc?h'SkEF-B6`ghlGqa-="+.7(...........
........................................
68 filename101 filename98
.........................................................................
69 filename101 filename98
........................................................................
........
coM"qr{yvyZ5+(MnXQ|Wo(E(Q$#Q,`9NMLc29gA
69 filename101 filename98
69 filename101 filename98
..j$x2I0=,(rE_8i7k:&7gk3*6 |n$eO *,}%0j SYJ#OQ]?>>XD%WFy1J|tL"2Q-GVtqa=.5Ny
[a\h-7hG#/Db2c&310Q49RW[VALB]m{$_|I
................................................................................
...................................................
73 filename101 filename98
U.]op_^o)MHeM)WVe[}1f@n+OXU6^_Y:;S#O!~o`x)4@VK...........
.......................................
74 filename101 filename98
kcoM"qr{yvyZ5+(MnXQ|Wo(E(Q$#Q,`9NMLc29gAEAoDrBGzt
75 filename101 filename98
.6sbO
76 filename101 filename98
.....................................................................................
76 filename101 filename98
t]N5rQlN(R=UT0#-\y__qEbM+dOG9,A13hW>*#'Xqx1+BJCkMho855,|-XnmT!`.....
76 filename101 filename98
.........................................................................
..............................................................
....................................................................................................
....................................................................................................
..................................................................................................
..................
..........................................................................................
.......
...................................................................
75 filename101 filename98
75 filename101 filename98
73 filename101 filename98
...................................................
72 filename101 filename98
..................................................
.......................................................................
71 filename101 filename98
71 filename101 filename98
72 filename101 filename98
73 filename101 filename98
.....................................................................................
73 filename101 filename98
........
cQ^5xf~LVT,+(dey.............
g+p~z@M,X_Ngb_1 \ea#$ZZ/lLk=>*{n|q,>`Rg@@_r@9R;93/:R"EO%Ej;UA3*{)5&Miv8!}]FB
74 filename101 filename98
................................
........j$x2I0=,(rE_8i7k:&7gk3*6 |n$eO *,}%0j SYJ#OQ]?>>XD%WFy1J|tL"2Q-GVtqa=.5NyKqyzkU.....
.............................................................
................................................
74 filename101 filename98
....................
'z{Ko<N(MT|:HZi!u]zlwwG?1kBrfs/tq=lu1T$]:pRU9v'vB40k60wA<........................
....................
74 filename101 filename98
74 filename101 filename98
........6}"EJ;Y}#&T#*QY*E7]&(1Iiyc3m2p/aT3fn;ra+og]Z5@~2ASe$>U(cd:WH[H_h,YyDYwMlVz
#&T#*QY*E7]&(1Iiyc3m2p/aT3fn;ra+og]Z5@~2ASe$>U(cd:WH[H_h,YyDYwMlVzC?gj6jn
C@s /?H{u7}l-Ct.;Nm[}r6..........
73 filename101 filename98
....................................................
0Rt@IN4:dn704hy&_:c{0W0/X0c19-;ny@7%-6&+>-;hesh)_2+W<*~ne2tZ%
74 filename101 filename98
..............
.
............................................................................
..................................
........Qd#U @AA:=i2H.......
75 filename101 filename98
..............................................
.......................
...........
.
2I0=,(rE_8i7k:&7gk3*6 |n$eO *,}%0j SYJ#OQ]?>>XD%WFy1J|tL"2Q-GVtqa=.5NyKqyzkU...................
.............
.........................
...............
....................................................................................................
..........Qd#U @A
...............................
...............................................................
....................................................................................................
78 filename101 filename98
..................................................................................
....................................................................................
80 filename101 filename98
80 filename101 filename98
................
..........
79 filename101 filename98
T'z{Ko<N(MT|:HZi!u]zlwwG?1kBrfs/tq=lu1T$]:pRU9v'vB40k60wA<..........
76 filename101 filename98
76 filename101 filename98
76 filename101 filename98
.....................
.........................................................................
.
_Rz^MUp9]fa7FBX$p%^BngXohlt`U^}|s_RMrYi6+-3\mwu1C2n yKd|'8F....
.........................
.........%,w>Q"XDS2dY}y7)@rrvpA0>6Qm5Fj?8tPg0x'K+/>noN&zFP-q,?U9<':JS`gj8*ApjL93YlU
.....................................
78 filename101 filename98
79 filename101 filename98
79 filename101 filename98
B%,<raZD#e-<|26i\.+6m:B5E$'=YJ2xaX*4j+>4`y(@w`a+=bqH}Jcx%f0T]Jb@ASJX7Wn0fXUOXMJH.........
79 filename101 filename98
79 filename101 filename98
...................................................
........................
..............................................................................
79 filename101 filename98
................................................................
.................................'nw^/W0.c.'8J2izt!y:5mM
..................................................................................................
81 filename101 filename98
...............
..BG-W3i.Uw*zIIZmq'ei=#.P7Z>h!dF6}YU.J0'<-T"b`>Of]\a!#,I6Hh768|b5M@{tJprxwC.1@%:
MUp9]fa7FBX$p%^BngXohlt`U^}|s_RMrYi6+-3\mwu
....................
................
...............................................
81 filename101 filename98
.........................
81 filename101 filename98
......................................................
......................................
81 filename101 filename98
..........................................................
82 filename101 filename98
82 filename101 filename98
.........
..........u<o6},I"4&d>Gl~
.......@mCX?)\eFAKZV&k 2lvI............
80 filename101 filename98
80 filename101 filename98
80 filename101 filename98
81 filename101 filename98
81 filename101 filename98
.
....
.............................................................................................
...........................
83 filename101 filename98
..............
83 filename101 filename98
....]"<z}T'oS%m7}V{A`hWM6qjQ!F
R@y28<rw8F0U;Hk{4:Z;JE.OmIq#05x;cdNCzQ~:ndjC)*aG"##XZU32.aEf3x7)#f+"5#nQm-y^FPGwQ2k.................
83 filename101 filename98
.......
.
82 filename101 filename98
\CW[:PG}YI\A#(r:;RTp=xg2w........................................................................
83 filename101 filename98
83 filename101 filename98
...................................................................................
.................................
82 filename101 filename98
82 filename101 filename98
........
85 filename101 filename98
4`VUwrY.gG.9;5.......
86 filename101 filename98
....................................................................................
M]D0]N
86 filename101 filename98
..............
...............................
.............
lsILt>O"[q+1
..............
87 filename101 filename98
...........................................
.......................................
........................................................
87 filename101 filename98
..........lWlD;rH6@@6XXmMb%Y-.',Jc,8X4y37gj\G;JzK~|aW8#BSfH'CkhWnxMHpVf%4yY2B^pr+Ay{NLFIFz
86 filename101 filename98
86 filename101 filename98
86 filename101 filename98
86 filename101 filename98
87 filename101 filename98
....................................................................................
