.
.
............
..................................
.
............................
3 filename2 filename4
3 filename2 filename4
3 filename2 filename4
3 filename2 filename4
...........................................................................
..........u][IT--743rk=#dC)J:}NuwNyvH%mw't=41HobEX9h%lt2$'CV@\'d"s}y);[u:Q9+);LC$3]<JUr;@ut!?QX3/N
3 filename2 filename4
4 filename2 filename5
..........u][IT--743rk=#dC)J:}NuwNyvH%mw't=41HobEX9h%lt2$'CV@\'d"s}y);[u:Q9+);LC$3]<JUr;@ut!?QX3/N
..........
[IT--743rk=#dC)J:}NuwNyvH%mw't=41HobEX9h%lt2$'CV@\'d"s}y);[u:Q9+);LC$3]<JUr;@ut!?QX3/N%bdLI1[#......
4 filename2 filename5
..........................
............................................
.
T7v{($9Y.............
4 filename2 filename5
...............................
4 filename2 filename5
luXgmYm k2Xj'J)3:FiDU@N}!S@s !T+cUYQvx~siTJ"*6drzee`aM%"H|UgK1c^F,qz&3p_F]%^!:4..............
4 filename2 filename5
..
.........................
4 filename2 filename5
{e+$VO){KYq'X416k3^\QN:F`m5qp@z!;,K@gH{pQ*~4Q.p+Va# cW 3.................
4 filename2 filename5
4 filename2 filename5
4 filename2 filename5
3 filename2 filename4
................
uXgmYm k2Xj'J)3:FiDU@N}!S@s !T+cUYQvx~siTJ"*6drzee`aM%"H|UgK1c^F,qz&3p_F]%^!:4......................
4 filename2 filename5
..................................................................................
4 filename2 filename5
3 filename2 filename5
3 filename2 filename5
$VO){KYq'X416k3^\QN:F`m5qp@z!;,K@gH{pQ*~4Q.p+Va
.....................................................
..............................................................................
.............
gmYm k2Xj'J)3:FiDU@N}!S@s !T+cUYQvx~siTJ"*6drzee`aM%"H|UgK1c^F,qz&3p_F]%^!:4........................
..............................................................................
.......u][IT--743rk=#dC)J:}NuwNyvH%mw't=41HobEX9h%lt2$'CV@\'d"s}y);[u:Q9+);LC$3]<JUr;@ut!?QX3/N%bdLI
......................................
.(su)KTMHp*7o^":t:|/{t-=|``vm!CLo#*P]@&qMa}]>HvL..................
6 filename12 filename7
...SharkUluXgmYm k2Xj'J)3:FiDU@N}!S@s !T+cUYQvx~siTJ"*6drzee`aM%"H|UgK1c^
6 filename12 filename7
...
.......................
..............................
6 filename12 filename7
{($9Y.....
6 filename12 filename7
...
...........................
..
3 filename2 filename9
4 filename14 filename9
...............................................................
...................................................................................
.
5 filename14 filename9
.................................................
.........
.......................................
...............
5 filename2 filename7
5 filename2 filename7
.
......tExI0Z/Gh;KK]2IZ}b[>C7;KMbM ];:/PpCf2_jB^tC5q&>SSHM#1e{{VAhCn2LkM-djX_m;9j:sl;L|H^7...
..................
7 filename16 filename7
.......................................................
......
7 filename16 filename7
8 filename16 filename7
/Gh;KK]2IZ}b[>C7;KMbM ];:/PpCf2_jB^tC5q&>SSHM#1e{{VAhCn2LkM-djX_m;9j
.......................................
9 filename16 filename7
......................................
8 filename16 filename7
...?jkVm|dMSK@fFPk/#UYub;~7xY%oDkoLvzJeX8F{+*(,C-2v"!h_N=Ot9i,1[ASIl>q>JPoy@3/$SWYQV-J]U38`->.......
.......u][IT--743rk=#dC)J:}NuwNyvH%mw't=41HobEX9h%lt2$'CV@\'d"s}y);[u:Q9+);LC$3]<JUr;@ut!?QX3/N%bdLI
..............................................................................................
9 filename16 filename7
9 filename16 filename7
9 filename16 filename7
..................................
....................................................................................................
....................................
8 filename16 filename7
.............................................................................
.................................................
8 filename16 filename7
8 filename16 filename7
8 filename16 filename7
.............
3 filename2 filename4
..........................................
......
........................
...................................................................
......................................................................................
7 filename12 filename7
7 filename12 filename7
7 filename10 filename7
.............
7 filename10 filename7
7 filename10 filename7
7 filename10 filename7
8 filename10 filename7
...............................................................................................
...
............................................................................
9 filename10 filename7
9 filename10 filename7
.............
.............................................
.................................................................................
7 filename12 filename7
7 filename12 filename7
7 filename12 filename7
....................................................................
.`NA........
8 filename12 filename7
8 filename12 filename7
.............................................................................
8 filename12 filename7
....................................................................................
............
..............
........................................................................
8 filename12 filename7
8 filename12 filename7
8 filename12 filename7
8 filename12 filename7
...................................................................
8 filename12 filename7
..................
8 filename12 filename7
............................................
9 filename12 filename7
.........*?%kgjf"hiQ=x~/'dpl=RpI"4%N@o-[j%$[
10 filename12 filename7
10 filename12 filename7
.........................................................................
......................................
.........
C@3jCFLW< 2........................
...........
....................................................................................................
5 filename2 filename7
3 filename2 filename5
4 filename2 filename5
.................................................................................
4 filename2 filename5
4 filename2 filename5
....... y Eqw%9<l'+h!g'U:'3>:WZEXBx%5e'+|z|HE|ewj/=cx\Af@j=
....................................................................................................
.........................................................
4 filename2 filename5
4 filename2 filename5
.......................................................................................
4 filename2 filename5
......................................................................
.............................................................................
4 filename2 filename5
...............
...................................................
{e+$VO){KYq'X416k3^\QN:F`m5qp@z!;,K@gH{pQ*~4Q.p+Va# cW 3.................
..............................................................................
5 filename2 filename5
..
.....................
.............................................................................
........................
6 filename14 filename9
..............
..`NA.................
.................................................................
................................................................
............................
7 filename14 filename9
.........B).bg,^{e+$VO){KYq'X416k3^\QN:F`m5qp@z!;,K@gH{pQ*~4Q.p
6 filename2 filename7
......................................................................
...........................................................................................
harkUluXgmYm k2Xj'J)3:FiDU@N}!S@s !T+cUYQvx~siTJ"*6drzee`aM%"H|UgK1c^F,qz&3p_F]%^!:4
........SharkUluXgmYm k2Xj'J)3:FiDU@N}!S@s !T+cUYQvx~siTJ"*6drzee`aM%"H|UgK1c^F,qz&3p_F]%^!:4.......
.................................................................
........................................................
9 filename10 filename7
.
.................................................................................juhT7v{($9Y
....................................................................
10 filename12 filename7
10 filename12 filename7
.........
10 filename12 filename7
........................................................................
...................................................................................................
10 filename12 filename7
v
10 filename12 filename7
10 filename12 filename7
10 filename12 filename7
...............................................................................
.........................................................
................................................................
10 filename12 filename7
..................................
..............................................................................................
................................................................................
yQ&Z\+pvI#Wy(%CxPC(rt NXsCT~(<3NBv^=],*
.........
12 filename12 filename7
5 filename14 filename9
........CA= ZS-bH5u1l}#hv,B6E;cV9XPLf|A06~fBdUx
...........................
5 filename14 filename9
...................................
8 filename16 filename7
.........................
...............................
.................
.....................................................
7 filename17 filename7
7 filename17 filename7
.......................
...............................................
...........................................................................................
`yao "jXhvPeH73gb@;K\/>t`cE_{0;)\i9u4>J_5;1e{U|Fc+*/49/]nSF{+\af.....................
..................................................
....................................................................................................
..........................................................................................
7 filename14 filename9
7 filename14 filename9
7 filename14 filename9
7 filename14 filename9
................................................
=?~#4 s8 @B(g1~pB45Ey_#?" eInJ\eBxpBW5{}f5zfU%hGz2yWQHOUqCJPiq
Be0=?~#4 s8 @B(g1~pB45Ey_#?" eInJ\eBxpBW5{}f5zfU%hGz2yWQHOUqCJPiq_[Ax<QVP......................
....
...........................................................
.....................................
5 filename2 filename5
.....................................................................................
6 filename2 filename50
7 filename2 filename51
Cxq?CTjtGm"gG=O~eG7....
...........................
...............
.............................................................................
8 filename2 filename52
........................................................................
4 filename2 filename5
5 filename2 filename53
.....................................................
..................................................................
......................................
5 filename2 filename53
5 filename2 filename53
6 filename2 filename54
............................................
7 filename2 filename55
...................................................
.........................................
.........
6 filename2 filename55
...........................................................
5 filename2 filename55
5 filename2 filename55
....................................................
....................................................................................................
...........
...............................................................................................
7 filename2 filename57
...............................................................................
.....................
..................................................................................................
.....................
.........................................................................................
8 filename2 filename58
.......................................................
...............
.............................................
..................
............................................................................
10 filename2 filename61
........................................................
11 filename2 filename62
....................................................................................................
..............................................
11 filename2 filename62
........................................................................................
....................................................................................................
9 filename2 filename63
9 filename2 filename63
%9<l'+h!g'U:'3>:WZEXBx%5e'+|z|HE|ewj/=cx\Af@j=.....................
9 filename2 filename63
9 filename2 filename63
10 filename2 filename64
'+h!g'U:'3>:WZEXBx%5e'+|z|HE|ewj/=cx\Af@j=....................
10 filename2 filename64
................................................................
11 filename2 filename65
....
.......................................................
............................
..........................
.................................................
.....................................
...............
..................................................
bg,^{e+$VO){KYq'X416k3^\QN:F`m5qp@z!;,K@gH{pQ*~4Q.p+Va
..........................................................................
............................
.................................
...........................
..
Le%,;8E#]q`}l0"1{R*J@hC9 ZkPBh0Rd%..
...................
.... y Eqw%9<l'+h!g'U:'3>:WZEXBx%5e'+|z|HE|
;8E#]q`}l0"1{R*J@hC9 ZkPBh0Rd%.....................................
14 filename2 filename69
14 filename2 filename69
.Ij=} 06|LiLe%,;8E#]q`}l0"1{R*J@hC9 ZkPB
....67qb9y&#W^ {sURJ@Ft(2{(c..........
....................................................................................................
14 filename2 filename69
14 filename2 filename69
3 filename2 filename5
.........................................................................
3 filename2 filename5
............................................
..............
............................
.....................................................................
................................................
11 filename10 filename7
......................................
......
11 filename10 filename7
.......................................................
...................................
11 filename10 filename70
.....................................................................
12 filename10 filename71
................................................
....(su)KTMHp*7o^":t:|/{t-=|``vm!CLo#*P]@&qMa}]>HvL........
.....................................................
...................................
12 filename10 filename72
12 filename10 filename72
............................................
................
13 filename10 filename73
.......................................................................
............
.........................................................................................
.............................................................
u)KTMHp*7o^":t:|/{t-=|``vm!CLo#*P]@&qMa}]>HvL........
................................................
..............................................................................................
13 filename10 filename73
.......
13 filename10 filename73
13 filename10 filename73
...........................................
...........................................................................................
..................................................
...........................................................
mS7`{c^Stw_Eixw
14 filename10 filename74
.
....................................................................................................
.......
............
5 filename2 filename7
....................................................................................
....................................................................................................
5 filename2 filename7
.....................................................
....................................................................................................
12 filename12 filename7
......................................
..................
.......................................
13 filename12 filename76
........................................................
................................
14 filename12 filename77
14 filename12 filename77
14 filename12 filename77
.....(7T3>s
....................................
5 filename14 filename9
5 filename14 filename9
....................................
7 filename2 filename55
7 filename2 filename55
7 filename2 filename55
14 filename12 filename77
..............................................................................
........................................................................
...........................
...hU0C1Txu^s>vaWY9C]c1+/6'$arOX!' P(XVQOTNI(`eVHlI.8\u........
............
.........................
.....................................................................................
.....................................................
13 filename12 filename78
13 filename12 filename78
..............................................................................
13 filename12 filename78
.............................
........................
................
.........................................
......................................................................................
.....................................................................
U2"q5K\................
.........................................
.................................
............................................................................
.........
............
...................
7 filename2 filename55
.........................................................
6 filename2 filename54
..........................................................................................
6 filename2 filename54
6 filename2 filename54
.... y Eqw%9<l'+h!g'U:'3>:WZEXBx%5e'+|z|HE
...................................................
6 filename2 filename54
.........
..........................................
.......................
..................
6 filename2 filename54
...................................................
6 filename2 filename54
6 filename2 filename54
6 filename2 filename54
...........................................................................
................
..............
8 filename2 filename80
8 filename2 filename80
...........................
............................................
8 filename2 filename80
8 filename2 filename80
............................................
....r2[x@yk9`m1e_@}Df/+nWA<+QP~/B/=KnPQiH'l)5opGL)oKtd;K(hgpr$:@F3hcd3J8574K!Pm<N-
9 filename16 filename81
9 filename16 filename81
.................................................................................................
9 filename16 filename82
10 filename16 filename83
............................
4 filename2 filename85
..................................................................................
9 filename17 filename88
.............................................
................
.
10 filename17 filename89
....................................
12 filename17 filename91
........................................
.......................................
...................................................................................................
12 filename17 filename91
12 filename17 filename91
.........................................................................................
.......................
.......zX$(pQ+0Ippw7WKBLZh+E7_;IMvSB%0 }7`j=4EWPw~j-3!~x:9,Wo[6kQh1trjkN!Ap,ypu;,2F\)61Zg/gM3I-.....
...................................................
...........................................................................................
13 filename17 filename92
13 filename17 filename92
13 filename17 filename92
13 filename17 filename92
............................
A{--orSY!lDcrCyHH$YI2................
.................................................................
.......
....................................................................................................
