...........................
.............
0
............................................................................................
0
`=j4&1W35rgU8uXYoHkslB?M>WIZ|'4ST'v9XJGs%qO/t]-,Np=K[6<-Twe.E35c~\@]/...
+o;X'^`=j4&1W35rgU8uXYoHkslB?M>WIZ|'4ST'v9XJGs%qO/t]-,Np=K[6<-Twe.E35c
....................................................................
0
...........................................................
...................................................................................................
0
............
............................................................................
.......................................................................
0
.....................................................................................
....................................................
........................................................................
rkp^1CsT!cf8-n_#:u(71i(oARZv`I"`0|4fiu{@>1T97&3lK!.}kf6<&(% xTTVZ~BXn%u,B x3F6Za@[SK...
.......SHarkp^1CsT!cf8-n_#:u(71i(oARZv`I"`0|4fiu{@>1T97&3lK!.}kf6<&(% xTTVZ~BXn%
f8-n_#:u(
................................................................................
..........D|'8n/.rxtUPgPPKl8
........................................................
..........
......
SHarkp^1CsT!cf8-n_#:u(71i(oARZv`I"`0|4fiu{@>1T97&3lK!.}kf6<&(% xTTVZ~BXn%u
2 filename3 filename4
........SHarkp^1CsT!cf8-n_#:u(71i(oARZv`I"`0|4fiu{@>1T97&3lK!.}kf6<&(% xTTVZ~BX
............................................................................................
..........................................................................................
3 filename3 filename5
.................................................................
3 filename3 filename5
.................
.......
....................................................................................................
2 filename3 filename5
..........................
........................................
........................................................................................
3 filename3 filename6
................................................................................................
3 filename3 filename6
.........................................................
.............................................................................................
..........................................................................................
........................................................................................
................................................................................................
.
................................................................................................
rkp^1CsT!cf8-n_#:u(71i(oARZv`I"`0|4fiu{@>1T97&3lK!.}kf6<&(% xTTVZ~BXn%u,B 
5 filename3 filename9
5 filename3 filename9
..............................................................
5 filename3 filename9
5 filename3 filename9
2\Oh3[}d}BjcK5=;1LTi=(gEUxz*9wi}rj}p|^#;,L.\F5PP?.> p+( UXn3AJ3nm-X30Eg?oh@9(|iW(ehW7ozLxKf.........
........
...............................................................................................
u{@>1T97&3lK!.}kf6<&(% xTTVZ~BXn%u,B x3F6Za@[SK....................................
...._^() <{9TZ\c<Yq*hQ(ZUgAgZfD...
...............................................................................................
..................................................................................
....
7 filename10 filename9
__!.{K?4q`Z2@JK`OI?fk
.....................................
Z\c<Yq*h
................................................................
7 filename10 filename9
CsT!cf8-n_#:u(71i(oARZv`I"`0|4fiu{@>1T97&3lK!.}kf6<&(% xTTVZ~BXn%u,B x3F6Za@[SK....
\Oh3[}d}BjcK5=;1LTi=(gEUxz*9wi}rj}p|^#;,L.\F5PP?.> p+( UXn3AJ3nm-X30Eg?oh@9(|iW(ehW7ozLxKf..........
...........................................................
................................................................................
8 filename10 filename9
8 filename10 filename9
..................................................................................
..........................
mcZ)Y<:a9ycl^rYg[PfkO' 6O&C$A,063=(FuUm
...........................................................
..............................................................
nqzFrdW
....................................................
\Oh3[}d}BjcK5=;1LTi=(gEUxz*9wi}rj}p|^#;,L.\F5PP?.> p+( UXn3AJ3nm-X30Eg?oh@9(|iW(ehW7ozLxKf..........
..........SHarkp^1CsT!cf8-n_#:u(71i(oARZv`I"`0|4fiu{@>1T97&3lK!.}kf6<
...
3 filename3 filename6
...............................................................
3 filename3 filename6
...........................................................................
.............................................................................
...................
.....................................
...sthM2,=ay)31Dp|Z>^DK~{UY!A_6=*V8xn)#kLRV+J6(6)Z|H-3{ SzfAc]H............
5 filename13 filename6
...........
..........
5 filename13 filename6
.......
................................................................
ML@=\dl)_$O=3yU/ppZW?R,|r5U{\`Wl b*66 QYKXqb_J!/g]p'$^A;c}s5@<C'e\>Bck5{6><
5 filename13 filename6
5 filename13 filename6
5 filename13 filename6
.....................................................
3 filename13 filename5
.........................................
..................................................................................................
.................
...................
............................
5 filename13 filename5
.....................................
6 filename13 filename5
...............................................................
...sthM2,=ay)31Dp|Z>^DK~{UY!A_6=*V8xn)#kLRV+J6(6)Z|H-3{ SzfAc]H..........
......@!\y6
.......%ML@=\dl)_$O=3yU/ppZW?R,|r5U{\`Wl b*66 QYKXqb_J!/g]p'$^A;c}s5@<C'e\>Bck5{6>
................................................
5=(?{,\{}i34OJV 1IT{mh{Rz.
............................................................................
.......sthM2,=ay)31Dp|Z>^DK~{UY!A_6=*V8xn)#kLRV+J6(6)Z|H-3{ SzfAc]H.........
.......................................................................
............................................................................................
Q"ZTc#s...........
................................................................
.............................................................................
....
.............................................................................
7 filename13 filename5
.......
7 filename13 filename5
...sthM2,=ay)31Dp|Z>^DK~{UY!A_6=*V8xn)#kLRV+J6(6)Z|H-3{ SzfAc]H.
........._^() <{9TZ\c<Yq*hQ(ZUgAgZfD....
...........................................................
h3[}d}BjcK5=;1LTi=(gEUxz*9wi}rj}p|^#;,L.\F5PP?.> p+( UXn3AJ3nm-X30Eg?oh@9(|iW(ehW7ozLxKf......
.................
.
.....................
=DN8__!.{K?4q`Z2@JK
.........................................................
.................................................
9 filename10 filename9
!.{K?4q`Z2@JK`OI?fkXA$sx"-x~....
...............................................
............................
........................................................................................
9 filename11 filename9
kE|p_~+c<:}fa+b"6%l'fd0\m.~`9/v`eh-Z`'kTbsqw5%#^6:......................
................................................................................
.......................................................
8 filename11 filename9
........
.................................
..................................................................................
...............................................................................
.......................................
9 filename11 filename9
................................................
|uZ@RRQ4Vxn]Edo,X]$<%*.........
11 filename11 filename9
.
11 filename11 filename9
11 filename11 filename9
...............................................................................
11 filename11 filename9
....................................................................................................
..........................................................................................
S\9Y#1:Ir)T<8_ekbwqVn6L${>&+Geb/Zdsw:W*'EU'*Kz"8q@z9,)p0VEt*x(}fcPL$W
.................................................................
....................................................................................
14 filename11 filename9
....................................................................................................
14 filename11 filename9
............
B
.....................................................
.............................................................
16 filename11 filename9
]ZK;tj*<&|=WOsGHNS..................
...................................................................................................
16 filename11 filename9
.......G[xLLFG2\Oh3[}d}BjcK5=;1LTi=(gEUxz*9wi}rj}p|^#;,L.\F5PP?.> p+( UXn3AJ3nm-X30Eg?oh@9(|iW(ehW
16 filename11 filename9
..................................................................................
..._^() <{9TZ\c<Yq*hQ(ZUgAgZfD
16 filename11 filename9
..............................................................................
..............................................................................................
....................................
..................................................................
16 filename11 filename9
...........................................
............................................................
...U........
.........................................
.............................................................................................
.................................................................................
16 filename11 filename9
...............................................
7`a"7iH";Ar!DO"A{ym_=h*lND8'P|=#<.............
................................
16 filename11 filename9
..................................................
DN8__!.{K?4q`Z2@JK`OI?fkXA
yaIO3*9:1S\9Y#1:Ir)T<8_ekbwqVn6L${>&+Geb/Zdsw:W*'EU'*Kz"8q@z9,)p0VEt
16 filename11 filename9
..
.
17 filename11 filename9
17 filename11 filename9
.........................................................................................
......0|uZ@RRQ4Vxn]Edo,X]$<%*..
................
.................
..
............................
LLFG2\Oh3[}d}BjcK5=;1LTi=(gEUxz*9wi}rj}p|^#;,L.\F5PP?.> p+( UXn3AJ3nm-X30Eg?oh@9(|iW
16 filename11 filename9
..md=DN8__!.{K?4q`Z2@JK`OI?fkXA$sx"-x~
.......................
......0|uZ@RRQ4Vxn]Edo,X]$<%*..............
17 filename11 filename9
17 filename11 filename9
....................................................................................................
....................
.....................................................
..............................................................................
.
.......................................................................................
....................................................................................................
....................................................................................
......`]|%0xR1TnYAs\E6<TQ .u'nHEH>q .@Fm?*yFM1[0^,k^gY&)K*o
.........................................
5 filename36 filename6
5 filename36 filename6
.............................................................
5 filename36 filename6
5 filename36 filename6
.
..........................
.................
.
5 filename36 filename6
5 filename36 filename6
.
.......................................................................................
...........................................................
...................................................................................
5 filename36 filename6
......................................................................................
5 filename36 filename6
5 filename36 filename6
5 filename36 filename6
............................................
5 filename36 filename6
..................................................................................
.......................................................................................
5 filename36 filename6
....`]|%0xR1TnYAs\E6<TQ .u'nHEH>q .@Fm?*yFM1[0^,k^gY&)K*o
.............................
....................................................................................................
......sPL)zleHE_5.m(h=^M[zl&YaEB^L6\.tE/G.lsuUDj:dAgj]x>s&]wToQf@_qKZT`h-WZyi}I.qcMF%2Xt..........
5 filename36 filename6
6 filename36 filename6
6 filename36 filename6
...................................................................................................
.................................................................................................
.............................
..............................................
6 filename36 filename6
]|%0xR1TnYAs\E6<TQ .u'nHEH>q .@Fm?*yFM1[0^,k^gY&)K*o................
6 filename36 filename6
...........................
......yO9k]"F_yf...........
...................................................................................
6 filename36 filename6
...............
..............................................................................................
6 filename36 filename6
............................................................................................
6 filename36 filename6
6 filename36 filename6
..................................................................
....................................................................................
6 filename36 filename6
............................................................................
.................................................................................
......
......................................................................
..........................................................................................
7 filename36 filename6
....................................................................................................
7 filename36 filename6
7 filename36 filename6
7 filename36 filename6
...............................................
...............
....YSbM!*E[0T8%Pi....
6 filename36 filename6
...................................................................................................
...............................................................................
6 filename36 filename6
....................................
.............
...............................................
..............................................................................................
....................................................................................
..........................................................
..........................................................................................
...................................................................................
7 filename36 filename6
7 filename36 filename6
..................
............................................................................
....................................................................
TnYAs\E6<TQ .u'nHEH>q .@Fm?*yFM1[0^,k^gY&)K*o...............
.......................................................................................
\c<Yq*hQ(ZU
....+3...........
7 filename36 filename6
.................................................................................................
.
9 filename36 filename6
9 filename36 filename6
....................................................................
9 filename36 filename6
.
........................................................................................
....................................................
11 filename36 filename6
...........................................
....................................................................................................
.
......................................
...................................
...............................................................................................
14 filename36 filename6
..........
............................................................................
...................................
14 filename36 filename6
...................................
.
.................................................................
.............
..................................................................................
....................................................................................................
..............................................................................
...................................................................
.......................................
....................................................................................................
15 filename36 filename6
16 filename36 filename6
............................................................
16 filename36 filename6
....................................................................................................
c
8%Pi............
....................................................................................................
16 filename36 filename6
16 filename36 filename6
17 filename36 filename6
17 filename36 filename6
17 filename36 filename6
...............................................................
.............................................................................................
.....................................
..................
.
............................................................................................
.....................................................................
19 filename36 filename6
...........................................................................................
V2O........................
19 filename36 filename6
19 filename36 filename6
19 filename36 filename6
19 filename36 filename6
19 filename36 filename6
s51E/$:D'yu~k~m4K~o"CjBy,ma!d[>}O_l9#Pj]
5.m(h=^M[zl&YaEB^L6\.tE/G.lsuUDj:dAgj]x>s&]wToQf@_qKZT`h-WZyi}I.qcMF%2X
20 filename36 filename6
.
......DOVLG;2s51E/$:D'yu~k~m4K~o"CjBy,ma!d
20 filename36 filename6
.............................................................................
......................
...............................
.
..............................................................................
.......................................................................................
.................................................
......"517Ky&D{=#@b</{r70Ns=H{V_biSnV:V_gBhs3RhqdYBrgC1Cm3%s0;>_KOvQ[5LhWHKPcv|R`}+_i=dQ0HFB:?T=ga..
}y>j|Wx?k\x={9C<f=KrEB)I)]I(:+VsP32@:#Olkp...........
.........\WF4u%*C_|lMx{mzAkFH\gp0GOPBOtAc?8uv%jErDgRX.....
20 filename36 filename6
...............................................................................................
..............................................................................................
.................
22 filename36 filename60
22 filename36 filename60
k&`"`L7
..........................
.
.................................
.............................
.....................................................................................
22 filename36 filename60
........................................
^() <{9TZ\c<Y
22 filename36 filename60
.................
22 filename36 filename60
........................
....................................................................................
:rU+__` z4I1p`T* c2K
22 filename36 filename60
...................................................................
22 filename36 filename60
....................................................................................................
23 filename36 filename61
................
.............................................................................
.......
.............
25 filename36 filename63
....
....................................................................................................
25 filename36 filename63
................................................................................................
..........................................................................................
...............................................................
..........................................................................................
.........]KK>anM(_WH\`T\S*/mf/_'0h8dNFh3/,G@7rGq2FcK7[~
...........................................................................
27 filename36 filename65
F4u%*C_|lMx{mzAkFH\gp0GOPBOtAc?8uv%
...................................
27 filename36 filename65
p]oRpn`Qd)E"zLvQ3T1wA*g;Z#w1e .yZ1 </$_p}XB)m...............
..........................
...............................................................................
29 filename36 filename67
....................
...............................................................
...........................................................................................
......."
5Z^p:d.........
.................................................
29 filename36 filename68
..........aC7+X~]ejK-*++EKh8)/9dCt![7?7,J8r?wW0Rk\u;o{lzj)uk[c+1f'Rp$A~w<i[oO)m|mF......
29 filename36 filename70
............................aC7+X~]ejK-*++EKh8)/9dCt![7?7,J8r?wW0Rk\u;o{lzj)uk[c+1f'Rp$
............................................
29 filename36 filename70
..................................................
WURZ*u?VhGAW}}M_sZ&C>.................
................................................................................................
..................................
29 filename36 filename70
29 filename36 filename70
...............................................
..
.............................................................................................
..............................................
29 filename36 filename70
29 filename36 filename70
29 filename36 filename70
29 filename36 filename70
29 filename36 filename70
....................................................................................
....
29 filename36 filename70
29 filename36 filename70
.........................................................................
........+pOMflIT/BLtMCDgT#u'aCxH%c9............
.............................................................................................
...........................................................................................
.......................................................................................
29 filename36 filename70
...............................
He~~........................
.................................................................................................
.GYIRom-\<~p]oRpn`Qd)E"zLvQ3T1wA*g;Z#w1e .yZ1 </$_p}XB)m.......
.
29 filename36 filename70
29 filename36 filename70
..........
.................
.+pOMflIT/BLtMCDgT#u'aCxH%c9.........
29 filename36 filename70
.......x2)#Z/fk.4b^*Tkh"MVzA>m}>/@E;0d)83BN?\HYt%zuXy$3I[3ilmo01X}KXACAsfD*EH-....
29 filename36 filename70
A.\[4:rU+__` z4I1p`T* c2K:61k23"*...............
..........................................................................
...
........................
...$xA.\[4:rU+__` z4I1p`T* 
.....................
31 filename36 filename72
lMx{mzAkFH\gp0GOPBOtAc?8uv%jErDgRX.....................
30 filename36 filename72
7LUD0h5HK@q\gn.
29 filename36 filename72
......$xA.\[4:rU+__` z4I1p`T* c2K:61k2
.............................................................................................
29 filename36 filename72
29 filename36 filename72
....................................................................................................
.
29 filename36 filename72
2)#Z/fk.4b^*Tkh"MVzA>m}>/@E;0d)83BN?\HYt%zuXy$3I[3ilmo01X}KXACAsfD*EH-...........
29 filename36 filename72
29 filename36 filename72
.........................................
29 filename36 filename72
29 filename36 filename72
28 filename36 filename72
.....................................................................
.
28 filename36 filename72
...................................yDXs S+B}y>j|Wx?k\x={9C<f=KrEB)I)
28 filename36 filename72
................................
......................................................
28 filename36 filename72
...........
.....................................................................................
....................................................................................................
28 filename36 filename72
28 filename36 filename72
